==============================
datetime: 2019-06-20 14:52:23.497803
command:  g09 CH4_Gaussian_e5cVJfm2bX.gjf
